[themes.vivantdesigns.com/index1420.html]
[backblue.gif]
[fade.gif]
[index.html]
[0.s3.envato.com/files/10255880/screenshots/00_preview.__large_preview.jpg]
[0.s3.envato.com/files/2449987/screenshots/00-preview.__large_preview.png]
[0.s3.envato.com/files/2325951/Screenshots/00-preview.__large_preview.png]
[0.s3.envato.com/files/1518112/screenshots/0_preview.__large_preview.png]
[0.s3.envato.com/files/1473697/streamlined screenshots/0_preview.__large_preview.jpg]
[0.s3.envato.com/files/1527204/neueadmin screenshots/01_preview.__large_preview.png]
[0.s3.envato.com/files/1584210/xtremeadmin screenshots/1_intro.__large_preview.jpg]
[ajax.googleapis.com/ajax/libs/jquery/1.7.1/jquery.min.js]
[themes.vivantdesigns.com/vpad/index.html]
[themes.vivantdesigns.com/index1420.html]
[themes.vivantdesigns.com/bootstrap/img/glyphicons-halflings.png]
[themes.vivantdesigns.com/bootstrap/img/glyphicons-halflings-white.png]
[themes.vivantdesigns.com/bootstrap/css/bootstrap.min.css]
[themes.vivantdesigns.com/images/groovepaper.png]
[themes.vivantdesigns.com/images/logo.png]
[themes.vivantdesigns.com/images/dropdown-arrow.png]
[themes.vivantdesigns.com/images/span_normal.gif]
[themes.vivantdesigns.com/images/span_orange.gif]
[themes.vivantdesigns.com/images/close.png]
[themes.vivantdesigns.com/images/shopping-cart.png]
[themes.vivantdesigns.com/css/style.css]
[themes.vivantdesigns.com/vpad/favicon.ico]
[themes.vivantdesigns.com/vpad/touch-icon-iphone.png]
[themes.vivantdesigns.com/vpad/touch-icon-ipad.png]
[themes.vivantdesigns.com/vpad/touch-icon-iphone4.png]
[themes.vivantdesigns.com/vpad/touch-startup-image.png]
[themes.vivantdesigns.com/vpad/images/navicons-small/77.png]
[themes.vivantdesigns.com/vpad/images/navicons-small/08.png]
[themes.vivantdesigns.com/vpad/images/navicons-small/19.png]
[themes.vivantdesigns.com/vpad/login.html]
[themes.vivantdesigns.com/vpad/images/navicons-small/129.png]
[themes.vivantdesigns.com/vpad/images/navicons/111.png]
[themes.vivantdesigns.com/vpad/images/navicons/112.png]
[themes.vivantdesigns.com/vpad/images/navicons/106.png]
[themes.vivantdesigns.com/vpad/images/navicons/129.png]
[themes.vivantdesigns.com/vpad/images/navicons/81.png]
[themes.vivantdesigns.com/vpad/images/navicons/123.png]
[themes.vivantdesigns.com/vpad/images/navicons/42.png]
[themes.vivantdesigns.com/vpad/images/navicons/139.png]
[themes.vivantdesigns.com/vpad/images/navicons/165.png]
[themes.vivantdesigns.com/vpad/images/navicons/29.png]
[themes.vivantdesigns.com/vpad/images/navicons/20.png]
[themes.vivantdesigns.com/vpad/images/navicons/83.png]
[themes.vivantdesigns.com/vpad/images/navicons/26.png]
[themes.vivantdesigns.com/vpad/images/navicons/96.png]
[code.jquery.com/jquery-1.7.min.js]
[themes.vivantdesigns.com/vpad/index.html]
[themes.vivantdesigns.com/bootstrap/js/bootstrap.min.js]
[themes.vivantdesigns.com/js/application.js]
[themes.vivantdesigns.com/vpad/css/reset.css]
[themes.vivantdesigns.com/vpad/css/grids.css]
[themes.vivantdesigns.com/vpad/images/prev.gif]
[themes.vivantdesigns.com/vpad/images/next.gif]
[themes.vivantdesigns.com/vpad/images/close-icon.png]
[themes.vivantdesigns.com/vpad/css/ui.css]
[themes.vivantdesigns.com/vpad/images/navicons/140.png]
[themes.vivantdesigns.com/vpad/images/navicons/56.png]
[themes.vivantdesigns.com/vpad/images/clear.png]
[themes.vivantdesigns.com/vpad/css/indicator.gif]
[themes.vivantdesigns.com/vpad/css/forms.css]
[themes.vivantdesigns.com/vpad/images/logo.png]
[themes.vivantdesigns.com/vpad/images/sidebar-shadow.png]
[themes.vivantdesigns.com/vpad/images/arrow.png]
[themes.vivantdesigns.com/vpad/images/zoom.png]
[themes.vivantdesigns.com/vpad/images/ajax-loader-big-000000.gif]
[themes.vivantdesigns.com/vpad/images/ui.totop.png]
[themes.vivantdesigns.com/vpad/css/device/general.css]
[themes.vivantdesigns.com/vpad/css/device/tablet.css]
[themes.vivantdesigns.com/vpad/css/device/mobile.css]
[themes.vivantdesigns.com/vpad/css/device/wide-mobile.css]
[themes.vivantdesigns.com/vpad/images/arrow-down.png]
[themes.vivantdesigns.com/vpad/css/jquery.uniform.css]
[themes.vivantdesigns.com/vpad/css/jquery.popover.css]
[themes.vivantdesigns.com/vpad/images/search.png]
[themes.vivantdesigns.com/vpad/images/ajax-loader-trans.gif]
[themes.vivantdesigns.com/vpad/css/jquery.itextsuggest.css]
[themes.vivantdesigns.com/vpad/images/backgrounds/sand.jpg]
[themes.vivantdesigns.com/vpad/images/check.png]
[themes.vivantdesigns.com/vpad/css/themes/lightblue/style.css]
[ajax.googleapis.com/ajax/libs/jquery/1.6.2/jquery.js]
[themes.vivantdesigns.com/vpad/login.html]
[code.jquery.com/jquery-1.7.min.js]
[themes.vivantdesigns.com/vpad/js/jquery.min.js]
[themes.vivantdesigns.com/vpad/js/jquery.tools.min.js]
[themes.vivantdesigns.com/vpad/js/jquery.uniform.min.js]
[themes.vivantdesigns.com/vpad/js/jquery.easing.js]
[themes.vivantdesigns.com/vpad/js/jquery.ui.totop.js]
[themes.vivantdesigns.com/vpad/js/jquery.itextsuggest.js]
[themes.vivantdesigns.com/vpad/js/jquery.itextclear.js]
[themes.vivantdesigns.com/vpad/js/jquery.hashchange.min.js]
[themes.vivantdesigns.com/vpad/js/jquery.drilldownmenu.js]
[themes.vivantdesigns.com/vpad/js/jquery.popover.js]
[themes.vivantdesigns.com/vpad/js/global.js]
[themes.vivantdesigns.com/vpad/css/svg0f48.svg]
[themes.vivantdesigns.com/vpad/css/svg34f4.svg]
[themes.vivantdesigns.com/vpad/css/svg5f30.svg]
[themes.vivantdesigns.com/vpad/css/svg5252.svg]
[themes.vivantdesigns.com/vpad/css/svgf1a4.svg]
[themes.vivantdesigns.com/vpad/css/svgbe95.svg]
[themes.vivantdesigns.com/vpad/css/svga8b4.svg]
[themes.vivantdesigns.com/vpad/css/svg6e82.svg]
[themes.vivantdesigns.com/vpad/css/svg2d7d.svg]
[themes.vivantdesigns.com/vpad/css/style.css]
